0 verbose cli /usr/local/bin/node /usr/local/bin/npm
1 info using npm@11.13.0
2 info using node@v24.16.0
3 silly config load:file:/usr/local/lib/node_modules/npm/npmrc
4 silly config load:file:/Users/ruslanmamoika/Documents/Lebuser App/.npmrc
5 silly config load:file:/Users/ruslanmamoika/.npmrc
6 silly config load:file:/usr/local/etc/npmrc
7 verbose title npm install vite @supabase/supabase-js
8 verbose argv "install" "vite" "@supabase/supabase-js" "--cache" ".npm-cache"
9 verbose logfile logs-max:10 dir:/Users/ruslanmamoika/Documents/Lebuser App/.npm-cache/_logs/2026-06-01T23_04_49_387Z-
10 verbose logfile /Users/ruslanmamoika/Documents/Lebuser App/.npm-cache/_logs/2026-06-01T23_04_49_387Z-debug-0.log
11 silly logfile done cleaning log files
12 silly packumentCache heap:2348810240 maxSize:587202560 maxEntrySize:293601280
13 silly idealTree buildDeps
14 silly fetch manifest vite@*
15 silly packumentCache full:https://registry.npmjs.org/vite cache-miss
16 http fetch GET 200 https://registry.npmjs.org/npm 285ms
17 http fetch GET 200 https://registry.npmjs.org/vite 1306ms (cache miss)
18 silly packumentCache full:https://registry.npmjs.org/vite set size:undefined disposed:false
19 silly fetch manifest @types/node@^20.19.0 || >=22.12.0
20 silly packumentCache full:https://registry.npmjs.org/@types%2fnode cache-miss
21 http fetch GET 200 https://registry.npmjs.org/@types%2fnode 222ms (cache miss)
22 silly packumentCache full:https://registry.npmjs.org/@types%2fnode set size:undefined disposed:false
23 silly fetch manifest @vitejs/devtools@^0.1.18
24 silly packumentCache full:https://registry.npmjs.org/@vitejs%2fdevtools cache-miss
25 http fetch GET 200 https://registry.npmjs.org/@vitejs%2fdevtools 76ms (cache miss)
26 silly packumentCache full:https://registry.npmjs.org/@vitejs%2fdevtools set size:undefined disposed:false
27 silly fetch manifest esbuild@^0.27.0 || ^0.28.0
28 silly packumentCache full:https://registry.npmjs.org/esbuild cache-miss
29 http fetch GET 200 https://registry.npmjs.org/esbuild 104ms (cache miss)
30 silly packumentCache full:https://registry.npmjs.org/esbuild set size:undefined disposed:false
31 silly fetch manifest jiti@>=1.21.0
32 silly packumentCache full:https://registry.npmjs.org/jiti cache-miss
33 http fetch GET 200 https://registry.npmjs.org/jiti 72ms (cache miss)
34 silly packumentCache full:https://registry.npmjs.org/jiti set size:undefined disposed:false
35 silly fetch manifest less@^4.0.0
36 silly packumentCache full:https://registry.npmjs.org/less cache-miss
37 http fetch GET 200 https://registry.npmjs.org/less 65ms (cache miss)
38 silly packumentCache full:https://registry.npmjs.org/less set size:undefined disposed:false
39 silly fetch manifest sass@^1.70.0
40 silly packumentCache full:https://registry.npmjs.org/sass cache-miss
41 http fetch GET 200 https://registry.npmjs.org/sass 81ms (cache miss)
42 silly packumentCache full:https://registry.npmjs.org/sass set size:undefined disposed:false
43 silly fetch manifest sass-embedded@^1.70.0
44 silly packumentCache full:https://registry.npmjs.org/sass-embedded cache-miss
45 http fetch GET 200 https://registry.npmjs.org/sass-embedded 72ms (cache miss)
46 silly packumentCache full:https://registry.npmjs.org/sass-embedded set size:undefined disposed:false
47 silly fetch manifest stylus@>=0.54.8
48 silly packumentCache full:https://registry.npmjs.org/stylus cache-miss
49 http fetch GET 200 https://registry.npmjs.org/stylus 70ms (cache miss)
50 silly packumentCache full:https://registry.npmjs.org/stylus set size:undefined disposed:false
51 silly fetch manifest sugarss@^5.0.0
52 silly packumentCache full:https://registry.npmjs.org/sugarss cache-miss
53 http fetch GET 200 https://registry.npmjs.org/sugarss 55ms (cache miss)
54 silly packumentCache full:https://registry.npmjs.org/sugarss set size:undefined disposed:false
55 silly fetch manifest postcss@^8.3.3
56 silly packumentCache full:https://registry.npmjs.org/postcss cache-miss
57 http fetch GET 200 https://registry.npmjs.org/postcss 81ms (cache miss)
58 silly packumentCache full:https://registry.npmjs.org/postcss set size:undefined disposed:false
59 silly fetch manifest terser@^5.16.0
60 silly packumentCache full:https://registry.npmjs.org/terser cache-miss
61 http fetch GET 200 https://registry.npmjs.org/terser 76ms (cache miss)
62 silly packumentCache full:https://registry.npmjs.org/terser set size:undefined disposed:false
63 silly fetch manifest tsx@^4.8.1
64 silly packumentCache full:https://registry.npmjs.org/tsx cache-miss
65 http fetch GET 200 https://registry.npmjs.org/tsx 63ms (cache miss)
66 silly packumentCache full:https://registry.npmjs.org/tsx set size:undefined disposed:false
67 silly fetch manifest yaml@^2.4.2
68 silly packumentCache full:https://registry.npmjs.org/yaml cache-miss
69 http fetch GET 200 https://registry.npmjs.org/yaml 66ms (cache miss)
70 silly packumentCache full:https://registry.npmjs.org/yaml set size:undefined disposed:false
71 silly fetch manifest @supabase/supabase-js@*
72 silly packumentCache full:https://registry.npmjs.org/@supabase%2fsupabase-js cache-miss
73 http fetch GET 200 https://registry.npmjs.org/@supabase%2fsupabase-js 137ms (cache miss)
74 silly packumentCache full:https://registry.npmjs.org/@supabase%2fsupabase-js set size:undefined disposed:false
75 silly placeDep ROOT @supabase/supabase-js@2.106.2 OK for: lebuser-app@1.0.0 want: *
76 silly placeDep ROOT vite@8.0.16 OK for: lebuser-app@1.0.0 want: *
77 silly fetch manifest @supabase/auth-js@2.106.2
78 silly packumentCache full:https://registry.npmjs.org/@supabase%2fauth-js cache-miss
79 silly fetch manifest @supabase/storage-js@2.106.2
80 silly packumentCache full:https://registry.npmjs.org/@supabase%2fstorage-js cache-miss
81 silly fetch manifest @supabase/realtime-js@2.106.2
82 silly packumentCache full:https://registry.npmjs.org/@supabase%2frealtime-js cache-miss
83 silly fetch manifest @supabase/functions-js@2.106.2
84 silly packumentCache full:https://registry.npmjs.org/@supabase%2ffunctions-js cache-miss
85 silly fetch manifest @supabase/postgrest-js@2.106.2
86 silly packumentCache full:https://registry.npmjs.org/@supabase%2fpostgrest-js cache-miss
87 silly fetch manifest postcss@^8.5.15
88 silly packumentCache full:https://registry.npmjs.org/postcss cache-miss
89 silly fetch manifest rolldown@1.0.3
90 silly packumentCache full:https://registry.npmjs.org/rolldown cache-miss
91 http cache https://registry.npmjs.org/postcss 12ms (cache hit)
92 silly packumentCache full:https://registry.npmjs.org/postcss set size:723316 disposed:false
93 silly fetch manifest picomatch@^4.0.4
94 silly packumentCache full:https://registry.npmjs.org/picomatch cache-miss
95 http fetch GET 200 https://registry.npmjs.org/@supabase%2fauth-js 94ms (cache miss)
96 silly packumentCache full:https://registry.npmjs.org/@supabase%2fauth-js set size:undefined disposed:false
97 silly fetch manifest tinyglobby@^0.2.17
98 silly packumentCache full:https://registry.npmjs.org/tinyglobby cache-miss
99 http fetch GET 200 https://registry.npmjs.org/@supabase%2fstorage-js 107ms (cache miss)
100 silly packumentCache full:https://registry.npmjs.org/@supabase%2fstorage-js set size:undefined disposed:false
101 silly fetch manifest lightningcss@^1.32.0
102 silly packumentCache full:https://registry.npmjs.org/lightningcss cache-miss
103 http fetch GET 200 https://registry.npmjs.org/tinyglobby 67ms (cache miss)
104 silly packumentCache full:https://registry.npmjs.org/tinyglobby set size:undefined disposed:false
105 silly fetch manifest fsevents@~2.3.3
106 silly packumentCache full:https://registry.npmjs.org/fsevents cache-miss
107 http fetch GET 200 https://registry.npmjs.org/lightningcss 69ms (cache miss)
108 silly packumentCache full:https://registry.npmjs.org/lightningcss set size:undefined disposed:false
109 http fetch GET 200 https://registry.npmjs.org/picomatch 197ms (cache miss)
110 silly packumentCache full:https://registry.npmjs.org/picomatch set size:undefined disposed:false
111 http fetch GET 200 https://registry.npmjs.org/@supabase%2ffunctions-js 278ms (cache miss)
112 silly packumentCache full:https://registry.npmjs.org/@supabase%2ffunctions-js set size:undefined disposed:false
113 http fetch GET 200 https://registry.npmjs.org/fsevents 130ms (cache miss)
114 silly packumentCache full:https://registry.npmjs.org/fsevents set size:undefined disposed:false
115 http fetch GET 200 https://registry.npmjs.org/@supabase%2frealtime-js 309ms (cache miss)
116 silly packumentCache full:https://registry.npmjs.org/@supabase%2frealtime-js set size:undefined disposed:false
117 http fetch GET 200 https://registry.npmjs.org/rolldown 343ms (cache miss)
118 silly packumentCache full:https://registry.npmjs.org/rolldown set size:undefined disposed:false
119 http fetch GET 200 https://registry.npmjs.org/@supabase%2fpostgrest-js 478ms (cache miss)
120 silly packumentCache full:https://registry.npmjs.org/@supabase%2fpostgrest-js set size:undefined disposed:false
121 silly placeDep ROOT @supabase/auth-js@2.106.2 OK for: @supabase/supabase-js@2.106.2 want: 2.106.2
122 silly placeDep ROOT @supabase/functions-js@2.106.2 OK for: @supabase/supabase-js@2.106.2 want: 2.106.2
123 silly placeDep ROOT @supabase/postgrest-js@2.106.2 OK for: @supabase/supabase-js@2.106.2 want: 2.106.2
124 silly placeDep ROOT @supabase/realtime-js@2.106.2 OK for: @supabase/supabase-js@2.106.2 want: 2.106.2
125 silly placeDep ROOT @supabase/storage-js@2.106.2 OK for: @supabase/supabase-js@2.106.2 want: 2.106.2
126 silly fetch manifest tslib@2.8.1
127 silly packumentCache full:https://registry.npmjs.org/tslib cache-miss
128 silly fetch manifest tslib@2.8.1
129 silly packumentCache full:https://registry.npmjs.org/tslib cache-miss
130 silly fetch manifest tslib@2.8.1
131 silly packumentCache full:https://registry.npmjs.org/tslib cache-miss
132 silly fetch manifest tslib@2.8.1
133 silly packumentCache full:https://registry.npmjs.org/tslib cache-miss
134 silly fetch manifest @supabase/phoenix@^0.4.2
135 silly packumentCache full:https://registry.npmjs.org/@supabase%2fphoenix cache-miss
136 silly fetch manifest tslib@2.8.1
137 silly packumentCache full:https://registry.npmjs.org/tslib cache-miss
138 silly fetch manifest iceberg-js@^0.8.1
139 silly packumentCache full:https://registry.npmjs.org/iceberg-js cache-miss
140 http fetch GET 200 https://registry.npmjs.org/tslib 57ms (cache miss)
141 silly packumentCache full:https://registry.npmjs.org/tslib set size:undefined disposed:false
142 http fetch GET 200 https://registry.npmjs.org/tslib 71ms (cache miss)
143 silly packumentCache full:https://registry.npmjs.org/tslib set size:undefined disposed:false
144 http fetch GET 200 https://registry.npmjs.org/tslib 72ms (cache miss)
145 silly packumentCache full:https://registry.npmjs.org/tslib set size:undefined disposed:false
146 http fetch GET 200 https://registry.npmjs.org/tslib 74ms (cache miss)
147 silly packumentCache full:https://registry.npmjs.org/tslib set size:undefined disposed:false
148 http fetch GET 200 https://registry.npmjs.org/tslib 76ms (cache miss)
149 silly packumentCache full:https://registry.npmjs.org/tslib set size:undefined disposed:false
150 http fetch GET 200 https://registry.npmjs.org/iceberg-js 75ms (cache miss)
151 silly packumentCache full:https://registry.npmjs.org/iceberg-js set size:undefined disposed:false
152 http fetch GET 200 https://registry.npmjs.org/@supabase%2fphoenix 246ms (cache miss)
153 silly packumentCache full:https://registry.npmjs.org/@supabase%2fphoenix set size:undefined disposed:false
154 silly placeDep ROOT tslib@2.8.1 OK for: @supabase/auth-js@2.106.2 want: 2.8.1
155 silly placeDep ROOT @supabase/phoenix@0.4.2 OK for: @supabase/realtime-js@2.106.2 want: ^0.4.2
156 silly placeDep ROOT iceberg-js@0.8.1 OK for: @supabase/storage-js@2.106.2 want: ^0.8.1
157 silly placeDep ROOT fsevents@2.3.3 OK for: vite@8.0.16 want: ~2.3.3
158 silly placeDep ROOT lightningcss@1.32.0 OK for: vite@8.0.16 want: ^1.32.0
159 silly placeDep ROOT picomatch@4.0.4 OK for: vite@8.0.16 want: ^4.0.4
160 silly placeDep ROOT postcss@8.5.15 OK for: vite@8.0.16 want: ^8.5.15
161 silly placeDep ROOT rolldown@1.0.3 OK for: vite@8.0.16 want: 1.0.3
162 silly placeDep ROOT tinyglobby@0.2.17 OK for: vite@8.0.16 want: ^0.2.17
163 silly fetch manifest detect-libc@^2.0.3
164 silly packumentCache full:https://registry.npmjs.org/detect-libc cache-miss
165 silly fetch manifest lightningcss-darwin-x64@1.32.0
166 silly packumentCache full:https://registry.npmjs.org/lightningcss-darwin-x64 cache-miss
167 silly fetch manifest lightningcss-linux-x64-gnu@1.32.0
168 silly packumentCache full:https://registry.npmjs.org/lightningcss-linux-x64-gnu cache-miss
169 silly fetch manifest lightningcss-win32-x64-msvc@1.32.0
170 silly packumentCache full:https://registry.npmjs.org/lightningcss-win32-x64-msvc cache-miss
171 silly fetch manifest lightningcss-win32-arm64-msvc@1.32.0
172 silly packumentCache full:https://registry.npmjs.org/lightningcss-win32-arm64-msvc cache-miss
173 silly fetch manifest lightningcss-darwin-arm64@1.32.0
174 silly packumentCache full:https://registry.npmjs.org/lightningcss-darwin-arm64 cache-miss
175 silly fetch manifest lightningcss-linux-arm64-gnu@1.32.0
176 silly packumentCache full:https://registry.npmjs.org/lightningcss-linux-arm64-gnu cache-miss
177 http fetch GET 200 https://registry.npmjs.org/lightningcss-win32-arm64-msvc 69ms (cache miss)
178 silly packumentCache full:https://registry.npmjs.org/lightningcss-win32-arm64-msvc set size:undefined disposed:false
179 silly fetch manifest lightningcss-linux-arm-gnueabihf@1.32.0
180 silly packumentCache full:https://registry.npmjs.org/lightningcss-linux-arm-gnueabihf cache-miss
181 http fetch GET 200 https://registry.npmjs.org/lightningcss-linux-arm64-gnu 70ms (cache miss)
182 silly packumentCache full:https://registry.npmjs.org/lightningcss-linux-arm64-gnu set size:undefined disposed:false
183 silly fetch manifest lightningcss-linux-arm64-musl@1.32.0
184 silly packumentCache full:https://registry.npmjs.org/lightningcss-linux-arm64-musl cache-miss
185 http fetch GET 200 https://registry.npmjs.org/lightningcss-win32-x64-msvc 71ms (cache miss)
186 silly packumentCache full:https://registry.npmjs.org/lightningcss-win32-x64-msvc set size:undefined disposed:false
187 silly fetch manifest lightningcss-linux-x64-musl@1.32.0
188 silly packumentCache full:https://registry.npmjs.org/lightningcss-linux-x64-musl cache-miss
189 http fetch GET 200 https://registry.npmjs.org/lightningcss-darwin-x64 73ms (cache miss)
190 silly packumentCache full:https://registry.npmjs.org/lightningcss-darwin-x64 set size:undefined disposed:false
191 silly fetch manifest lightningcss-freebsd-x64@1.32.0
192 silly packumentCache full:https://registry.npmjs.org/lightningcss-freebsd-x64 cache-miss
193 http fetch GET 200 https://registry.npmjs.org/lightningcss-linux-x64-gnu 73ms (cache miss)
194 silly packumentCache full:https://registry.npmjs.org/lightningcss-linux-x64-gnu set size:undefined disposed:false
195 silly fetch manifest lightningcss-android-arm64@1.32.0
196 silly packumentCache full:https://registry.npmjs.org/lightningcss-android-arm64 cache-miss
197 http fetch GET 200 https://registry.npmjs.org/lightningcss-darwin-arm64 73ms (cache miss)
198 silly packumentCache full:https://registry.npmjs.org/lightningcss-darwin-arm64 set size:undefined disposed:false
199 silly fetch manifest nanoid@^3.3.12
200 silly packumentCache full:https://registry.npmjs.org/nanoid cache-miss
201 http fetch GET 200 https://registry.npmjs.org/lightningcss-linux-x64-musl 55ms (cache miss)
202 silly packumentCache full:https://registry.npmjs.org/lightningcss-linux-x64-musl set size:undefined disposed:false
203 silly fetch manifest picocolors@^1.1.1
204 silly packumentCache full:https://registry.npmjs.org/picocolors cache-miss
205 http fetch GET 200 https://registry.npmjs.org/lightningcss-linux-arm64-musl 61ms (cache miss)
206 silly packumentCache full:https://registry.npmjs.org/lightningcss-linux-arm64-musl set size:undefined disposed:false
207 silly fetch manifest source-map-js@^1.2.1
208 silly packumentCache full:https://registry.npmjs.org/source-map-js cache-miss
209 http fetch GET 200 https://registry.npmjs.org/lightningcss-linux-arm-gnueabihf 64ms (cache miss)
210 silly packumentCache full:https://registry.npmjs.org/lightningcss-linux-arm-gnueabihf set size:undefined disposed:false
211 silly fetch manifest @oxc-project/types@=0.133.0
212 silly packumentCache full:https://registry.npmjs.org/@oxc-project%2ftypes cache-miss
213 http fetch GET 200 https://registry.npmjs.org/lightningcss-freebsd-x64 62ms (cache miss)
214 silly packumentCache full:https://registry.npmjs.org/lightningcss-freebsd-x64 set size:undefined disposed:false
215 silly fetch manifest @rolldown/pluginutils@^1.0.0
216 silly packumentCache full:https://registry.npmjs.org/@rolldown%2fpluginutils cache-miss
217 http fetch GET 200 https://registry.npmjs.org/lightningcss-android-arm64 64ms (cache miss)
218 silly packumentCache full:https://registry.npmjs.org/lightningcss-android-arm64 set size:undefined disposed:false
219 silly fetch manifest @rolldown/binding-darwin-x64@1.0.3
220 silly packumentCache full:https://registry.npmjs.org/@rolldown%2fbinding-darwin-x64 cache-miss
221 http fetch GET 200 https://registry.npmjs.org/nanoid 81ms (cache miss)
222 silly packumentCache full:https://registry.npmjs.org/nanoid set size:undefined disposed:false
223 silly fetch manifest @rolldown/binding-win32-x64-msvc@1.0.3
224 silly packumentCache full:https://registry.npmjs.org/@rolldown%2fbinding-win32-x64-msvc cache-miss
225 http fetch GET 200 https://registry.npmjs.org/picocolors 54ms (cache miss)
226 silly packumentCache full:https://registry.npmjs.org/picocolors set size:undefined disposed:false
227 silly fetch manifest @rolldown/binding-linux-x64-gnu@1.0.3
228 silly packumentCache full:https://registry.npmjs.org/@rolldown%2fbinding-linux-x64-gnu cache-miss
229 http fetch GET 200 https://registry.npmjs.org/source-map-js 63ms (cache miss)
230 silly packumentCache full:https://registry.npmjs.org/source-map-js set size:undefined disposed:false
231 silly fetch manifest @rolldown/binding-linux-x64-musl@1.0.3
232 silly packumentCache full:https://registry.npmjs.org/@rolldown%2fbinding-linux-x64-musl cache-miss
233 http fetch GET 200 https://registry.npmjs.org/@oxc-project%2ftypes 75ms (cache miss)
234 silly packumentCache full:https://registry.npmjs.org/@oxc-project%2ftypes set size:undefined disposed:false
235 silly fetch manifest @rolldown/binding-freebsd-x64@1.0.3
236 silly packumentCache full:https://registry.npmjs.org/@rolldown%2fbinding-freebsd-x64 cache-miss
237 http fetch GET 200 https://registry.npmjs.org/@rolldown%2fpluginutils 82ms (cache miss)
238 silly packumentCache full:https://registry.npmjs.org/@rolldown%2fpluginutils set size:undefined disposed:false
239 silly fetch manifest @rolldown/binding-linux-arm-gnueabihf@1.0.3
240 silly packumentCache full:https://registry.npmjs.org/@rolldown%2fbinding-linux-arm-gnueabihf cache-miss
241 http fetch GET 200 https://registry.npmjs.org/@rolldown%2fbinding-darwin-x64 100ms (cache miss)
242 silly packumentCache full:https://registry.npmjs.org/@rolldown%2fbinding-darwin-x64 set size:undefined disposed:false
243 silly fetch manifest @rolldown/binding-linux-arm64-gnu@1.0.3
244 silly packumentCache full:https://registry.npmjs.org/@rolldown%2fbinding-linux-arm64-gnu cache-miss
245 http fetch GET 200 https://registry.npmjs.org/detect-libc 267ms (cache miss)
246 silly packumentCache full:https://registry.npmjs.org/detect-libc set size:undefined disposed:false
247 silly fetch manifest @rolldown/binding-darwin-arm64@1.0.3
248 silly packumentCache full:https://registry.npmjs.org/@rolldown%2fbinding-darwin-arm64 cache-miss
249 http fetch GET 200 https://registry.npmjs.org/@rolldown%2fbinding-win32-x64-msvc 114ms (cache miss)
250 silly packumentCache full:https://registry.npmjs.org/@rolldown%2fbinding-win32-x64-msvc set size:undefined disposed:false
251 silly fetch manifest @rolldown/binding-linux-arm64-musl@1.0.3
252 silly packumentCache full:https://registry.npmjs.org/@rolldown%2fbinding-linux-arm64-musl cache-miss
253 http fetch GET 200 https://registry.npmjs.org/@rolldown%2fbinding-linux-x64-gnu 104ms (cache miss)
254 silly packumentCache full:https://registry.npmjs.org/@rolldown%2fbinding-linux-x64-gnu set size:undefined disposed:false
255 silly fetch manifest @rolldown/binding-openharmony-arm64@1.0.3
256 silly packumentCache full:https://registry.npmjs.org/@rolldown%2fbinding-openharmony-arm64 cache-miss
257 http fetch GET 200 https://registry.npmjs.org/@rolldown%2fbinding-linux-x64-musl 112ms (cache miss)
258 silly packumentCache full:https://registry.npmjs.org/@rolldown%2fbinding-linux-x64-musl set size:undefined disposed:false
259 silly fetch manifest @rolldown/binding-win32-arm64-msvc@1.0.3
260 silly packumentCache full:https://registry.npmjs.org/@rolldown%2fbinding-win32-arm64-msvc cache-miss
261 http fetch GET 200 https://registry.npmjs.org/@rolldown%2fbinding-freebsd-x64 138ms (cache miss)
262 silly packumentCache full:https://registry.npmjs.org/@rolldown%2fbinding-freebsd-x64 set size:undefined disposed:false
263 silly fetch manifest @rolldown/binding-android-arm64@1.0.3
264 silly packumentCache full:https://registry.npmjs.org/@rolldown%2fbinding-android-arm64 cache-miss
265 http fetch GET 200 https://registry.npmjs.org/@rolldown%2fbinding-linux-arm64-gnu 112ms (cache miss)
266 silly packumentCache full:https://registry.npmjs.org/@rolldown%2fbinding-linux-arm64-gnu set size:undefined disposed:false
267 silly fetch manifest @rolldown/binding-wasm32-wasi@1.0.3
268 silly packumentCache full:https://registry.npmjs.org/@rolldown%2fbinding-wasm32-wasi cache-miss
269 http fetch GET 200 https://registry.npmjs.org/@rolldown%2fbinding-linux-arm-gnueabihf 147ms (cache miss)
270 silly packumentCache full:https://registry.npmjs.org/@rolldown%2fbinding-linux-arm-gnueabihf set size:undefined disposed:false
271 silly fetch manifest @rolldown/binding-linux-s390x-gnu@1.0.3
272 silly packumentCache full:https://registry.npmjs.org/@rolldown%2fbinding-linux-s390x-gnu cache-miss
273 http fetch GET 200 https://registry.npmjs.org/@rolldown%2fbinding-openharmony-arm64 82ms (cache miss)
274 silly packumentCache full:https://registry.npmjs.org/@rolldown%2fbinding-openharmony-arm64 set size:undefined disposed:false
275 silly fetch manifest @rolldown/binding-linux-ppc64-gnu@1.0.3
276 silly packumentCache full:https://registry.npmjs.org/@rolldown%2fbinding-linux-ppc64-gnu cache-miss
277 http fetch GET 200 https://registry.npmjs.org/@rolldown%2fbinding-darwin-arm64 111ms (cache miss)
278 silly packumentCache full:https://registry.npmjs.org/@rolldown%2fbinding-darwin-arm64 set size:undefined disposed:false
279 silly fetch manifest fdir@^6.5.0
280 silly packumentCache full:https://registry.npmjs.org/fdir cache-miss
281 http fetch GET 200 https://registry.npmjs.org/@rolldown%2fbinding-linux-arm64-musl 112ms (cache miss)
282 silly packumentCache full:https://registry.npmjs.org/@rolldown%2fbinding-linux-arm64-musl set size:undefined disposed:false
283 http fetch GET 200 https://registry.npmjs.org/@rolldown%2fbinding-win32-arm64-msvc 93ms (cache miss)
284 silly packumentCache full:https://registry.npmjs.org/@rolldown%2fbinding-win32-arm64-msvc set size:undefined disposed:false
285 http fetch GET 200 https://registry.npmjs.org/@rolldown%2fbinding-android-arm64 74ms (cache miss)
286 silly packumentCache full:https://registry.npmjs.org/@rolldown%2fbinding-android-arm64 set size:undefined disposed:false
287 http fetch GET 200 https://registry.npmjs.org/fdir 64ms (cache miss)
288 silly packumentCache full:https://registry.npmjs.org/fdir set size:undefined disposed:false
289 http fetch GET 200 https://registry.npmjs.org/@rolldown%2fbinding-linux-s390x-gnu 75ms (cache miss)
290 silly packumentCache full:https://registry.npmjs.org/@rolldown%2fbinding-linux-s390x-gnu set size:undefined disposed:false
291 http fetch GET 200 https://registry.npmjs.org/@rolldown%2fbinding-linux-ppc64-gnu 81ms (cache miss)
292 silly packumentCache full:https://registry.npmjs.org/@rolldown%2fbinding-linux-ppc64-gnu set size:undefined disposed:false
293 http fetch GET 200 https://registry.npmjs.org/@rolldown%2fbinding-wasm32-wasi 117ms (cache miss)
294 silly packumentCache full:https://registry.npmjs.org/@rolldown%2fbinding-wasm32-wasi set size:undefined disposed:false
295 silly placeDep ROOT detect-libc@2.1.2 OK for: lightningcss@1.32.0 want: ^2.0.3
296 silly placeDep ROOT lightningcss-android-arm64@1.32.0 OK for: lightningcss@1.32.0 want: 1.32.0
297 silly placeDep ROOT lightningcss-darwin-arm64@1.32.0 OK for: lightningcss@1.32.0 want: 1.32.0
298 silly placeDep ROOT lightningcss-darwin-x64@1.32.0 OK for: lightningcss@1.32.0 want: 1.32.0
299 silly placeDep ROOT lightningcss-freebsd-x64@1.32.0 OK for: lightningcss@1.32.0 want: 1.32.0
300 silly placeDep ROOT lightningcss-linux-arm-gnueabihf@1.32.0 OK for: lightningcss@1.32.0 want: 1.32.0
301 silly placeDep ROOT lightningcss-linux-arm64-gnu@1.32.0 OK for: lightningcss@1.32.0 want: 1.32.0
302 silly placeDep ROOT lightningcss-linux-arm64-musl@1.32.0 OK for: lightningcss@1.32.0 want: 1.32.0
303 silly placeDep ROOT lightningcss-linux-x64-gnu@1.32.0 OK for: lightningcss@1.32.0 want: 1.32.0
304 silly placeDep ROOT lightningcss-linux-x64-musl@1.32.0 OK for: lightningcss@1.32.0 want: 1.32.0
305 silly placeDep ROOT lightningcss-win32-arm64-msvc@1.32.0 OK for: lightningcss@1.32.0 want: 1.32.0
306 silly placeDep ROOT lightningcss-win32-x64-msvc@1.32.0 OK for: lightningcss@1.32.0 want: 1.32.0
307 silly placeDep ROOT nanoid@3.3.12 OK for: postcss@8.5.15 want: ^3.3.12
308 silly placeDep ROOT picocolors@1.1.1 OK for: postcss@8.5.15 want: ^1.1.1
309 silly placeDep ROOT source-map-js@1.2.1 OK for: postcss@8.5.15 want: ^1.2.1
310 silly placeDep ROOT @oxc-project/types@0.133.0 OK for: rolldown@1.0.3 want: =0.133.0
311 silly placeDep ROOT @rolldown/binding-android-arm64@1.0.3 OK for: rolldown@1.0.3 want: 1.0.3
312 silly placeDep ROOT @rolldown/binding-darwin-arm64@1.0.3 OK for: rolldown@1.0.3 want: 1.0.3
313 silly placeDep ROOT @rolldown/binding-darwin-x64@1.0.3 OK for: rolldown@1.0.3 want: 1.0.3
314 silly placeDep ROOT @rolldown/binding-freebsd-x64@1.0.3 OK for: rolldown@1.0.3 want: 1.0.3
315 silly placeDep ROOT @rolldown/binding-linux-arm-gnueabihf@1.0.3 OK for: rolldown@1.0.3 want: 1.0.3
316 silly placeDep ROOT @rolldown/binding-linux-arm64-gnu@1.0.3 OK for: rolldown@1.0.3 want: 1.0.3
317 silly placeDep ROOT @rolldown/binding-linux-arm64-musl@1.0.3 OK for: rolldown@1.0.3 want: 1.0.3
318 silly placeDep ROOT @rolldown/binding-linux-ppc64-gnu@1.0.3 OK for: rolldown@1.0.3 want: 1.0.3
319 silly placeDep ROOT @rolldown/binding-linux-s390x-gnu@1.0.3 OK for: rolldown@1.0.3 want: 1.0.3
320 silly placeDep ROOT @rolldown/binding-linux-x64-gnu@1.0.3 OK for: rolldown@1.0.3 want: 1.0.3
321 silly placeDep ROOT @rolldown/binding-linux-x64-musl@1.0.3 OK for: rolldown@1.0.3 want: 1.0.3
322 silly placeDep ROOT @rolldown/binding-openharmony-arm64@1.0.3 OK for: rolldown@1.0.3 want: 1.0.3
323 silly placeDep ROOT @rolldown/binding-wasm32-wasi@1.0.3 OK for: rolldown@1.0.3 want: 1.0.3
324 silly placeDep ROOT @rolldown/binding-win32-arm64-msvc@1.0.3 OK for: rolldown@1.0.3 want: 1.0.3
325 silly placeDep ROOT @rolldown/binding-win32-x64-msvc@1.0.3 OK for: rolldown@1.0.3 want: 1.0.3
326 silly placeDep ROOT @rolldown/pluginutils@1.0.1 OK for: rolldown@1.0.3 want: ^1.0.0
327 silly fetch manifest @napi-rs/wasm-runtime@^1.1.4
328 silly packumentCache full:https://registry.npmjs.org/@napi-rs%2fwasm-runtime cache-miss
329 silly fetch manifest @emnapi/core@1.10.0
330 silly packumentCache full:https://registry.npmjs.org/@emnapi%2fcore cache-miss
331 silly fetch manifest @emnapi/runtime@1.10.0
332 silly packumentCache full:https://registry.npmjs.org/@emnapi%2fruntime cache-miss
333 http fetch GET 200 https://registry.npmjs.org/@emnapi%2fcore 91ms (cache miss)
334 silly packumentCache full:https://registry.npmjs.org/@emnapi%2fcore set size:undefined disposed:false
335 http fetch GET 200 https://registry.npmjs.org/@napi-rs%2fwasm-runtime 268ms (cache miss)
336 silly packumentCache full:https://registry.npmjs.org/@napi-rs%2fwasm-runtime set size:undefined disposed:false
337 http fetch GET 200 https://registry.npmjs.org/@emnapi%2fruntime 274ms (cache miss)
338 silly packumentCache full:https://registry.npmjs.org/@emnapi%2fruntime set size:undefined disposed:false
339 silly placeDep ROOT @emnapi/core@1.10.0 OK for: @rolldown/binding-wasm32-wasi@1.0.3 want: 1.10.0
340 silly placeDep ROOT @emnapi/runtime@1.10.0 OK for: @rolldown/binding-wasm32-wasi@1.0.3 want: 1.10.0
341 silly placeDep ROOT @napi-rs/wasm-runtime@1.1.4 OK for: @rolldown/binding-wasm32-wasi@1.0.3 want: ^1.1.4
342 silly fetch manifest @emnapi/wasi-threads@1.2.1
343 silly packumentCache full:https://registry.npmjs.org/@emnapi%2fwasi-threads cache-miss
344 silly fetch manifest @tybys/wasm-util@^0.10.1
345 silly packumentCache full:https://registry.npmjs.org/@tybys%2fwasm-util cache-miss
346 http fetch GET 200 https://registry.npmjs.org/@emnapi%2fwasi-threads 67ms (cache miss)
347 silly packumentCache full:https://registry.npmjs.org/@emnapi%2fwasi-threads set size:undefined disposed:false
348 http fetch GET 200 https://registry.npmjs.org/@tybys%2fwasm-util 508ms (cache miss)
349 silly packumentCache full:https://registry.npmjs.org/@tybys%2fwasm-util set size:undefined disposed:false
350 silly placeDep ROOT @emnapi/wasi-threads@1.2.1 OK for: @emnapi/core@1.10.0 want: 1.2.1
351 silly placeDep ROOT @tybys/wasm-util@0.10.2 OK for: @napi-rs/wasm-runtime@1.1.4 want: ^0.10.1
352 silly placeDep ROOT fdir@6.5.0 OK for: tinyglobby@0.2.17 want: ^6.5.0
353 silly reify moves {}
354 silly audit bulk request {
354 silly audit   acorn: [ '8.16.0' ],
354 silly audit   '@supabase/supabase-js': [ '2.106.2' ],
354 silly audit   vite: [ '8.0.16' ],
354 silly audit   '@supabase/auth-js': [ '2.106.2' ],
354 silly audit   '@supabase/functions-js': [ '2.106.2' ],
354 silly audit   '@supabase/postgrest-js': [ '2.106.2' ],
354 silly audit   '@supabase/realtime-js': [ '2.106.2' ],
354 silly audit   '@supabase/storage-js': [ '2.106.2' ],
354 silly audit   tslib: [ '2.8.1' ],
354 silly audit   '@supabase/phoenix': [ '0.4.2' ],
354 silly audit   'iceberg-js': [ '0.8.1' ],
354 silly audit   fsevents: [ '2.3.3' ],
354 silly audit   lightningcss: [ '1.32.0' ],
354 silly audit   picomatch: [ '4.0.4' ],
354 silly audit   postcss: [ '8.5.15' ],
354 silly audit   rolldown: [ '1.0.3' ],
354 silly audit   tinyglobby: [ '0.2.17' ],
354 silly audit   'detect-libc': [ '2.1.2' ],
354 silly audit   'lightningcss-android-arm64': [ '1.32.0' ],
354 silly audit   'lightningcss-darwin-arm64': [ '1.32.0' ],
354 silly audit   'lightningcss-darwin-x64': [ '1.32.0' ],
354 silly audit   'lightningcss-freebsd-x64': [ '1.32.0' ],
354 silly audit   'lightningcss-linux-arm-gnueabihf': [ '1.32.0' ],
354 silly audit   'lightningcss-linux-arm64-gnu': [ '1.32.0' ],
354 silly audit   'lightningcss-linux-arm64-musl': [ '1.32.0' ],
354 silly audit   'lightningcss-linux-x64-gnu': [ '1.32.0' ],
354 silly audit   'lightningcss-linux-x64-musl': [ '1.32.0' ],
354 silly audit   'lightningcss-win32-arm64-msvc': [ '1.32.0' ],
354 silly audit   'lightningcss-win32-x64-msvc': [ '1.32.0' ],
354 silly audit   nanoid: [ '3.3.12' ],
354 silly audit   picocolors: [ '1.1.1' ],
354 silly audit   'source-map-js': [ '1.2.1' ],
354 silly audit   '@oxc-project/types': [ '0.133.0' ],
354 silly audit   '@rolldown/binding-android-arm64': [ '1.0.3' ],
354 silly audit   '@rolldown/binding-darwin-arm64': [ '1.0.3' ],
354 silly audit   '@rolldown/binding-darwin-x64': [ '1.0.3' ],
354 silly audit   '@rolldown/binding-freebsd-x64': [ '1.0.3' ],
354 silly audit   '@rolldown/binding-linux-arm-gnueabihf': [ '1.0.3' ],
354 silly audit   '@rolldown/binding-linux-arm64-gnu': [ '1.0.3' ],
354 silly audit   '@rolldown/binding-linux-arm64-musl': [ '1.0.3' ],
354 silly audit   '@rolldown/binding-linux-ppc64-gnu': [ '1.0.3' ],
354 silly audit   '@rolldown/binding-linux-s390x-gnu': [ '1.0.3' ],
354 silly audit   '@rolldown/binding-linux-x64-gnu': [ '1.0.3' ],
354 silly audit   '@rolldown/binding-linux-x64-musl': [ '1.0.3' ],
354 silly audit   '@rolldown/binding-openharmony-arm64': [ '1.0.3' ],
354 silly audit   '@rolldown/binding-wasm32-wasi': [ '1.0.3' ],
354 silly audit   '@rolldown/binding-win32-arm64-msvc': [ '1.0.3' ],
354 silly audit   '@rolldown/binding-win32-x64-msvc': [ '1.0.3' ],
354 silly audit   '@rolldown/pluginutils': [ '1.0.1' ],
354 silly audit   '@emnapi/core': [ '1.10.0' ],
354 silly audit   '@emnapi/runtime': [ '1.10.0' ],
354 silly audit   '@napi-rs/wasm-runtime': [ '1.1.4' ],
354 silly audit   '@emnapi/wasi-threads': [ '1.2.1' ],
354 silly audit   '@tybys/wasm-util': [ '0.10.2' ],
354 silly audit   fdir: [ '6.5.0' ]
354 silly audit }
355 http cache fdir@https://registry.npmjs.org/fdir/-/fdir-6.5.0.tgz 0ms (cache hit)
356 http cache @rolldown/binding-darwin-arm64@https://registry.npmjs.org/@rolldown/binding-darwin-arm64/-/binding-darwin-arm64-1.0.3.tgz 0ms (cache hit)
357 http cache @oxc-project/types@https://registry.npmjs.org/@oxc-project/types/-/types-0.133.0.tgz 0ms (cache hit)
358 http cache picocolors@https://registry.npmjs.org/picocolors/-/picocolors-1.1.1.tgz 0ms (cache hit)
359 http cache lightningcss-darwin-arm64@https://registry.npmjs.org/lightningcss-darwin-arm64/-/lightningcss-darwin-arm64-1.32.0.tgz 0ms (cache hit)
360 http cache nanoid@https://registry.npmjs.org/nanoid/-/nanoid-3.3.12.tgz 0ms (cache hit)
361 http cache detect-libc@https://registry.npmjs.org/detect-libc/-/detect-libc-2.1.2.tgz 0ms (cache hit)
362 http cache source-map-js@https://registry.npmjs.org/source-map-js/-/source-map-js-1.2.1.tgz 0ms (cache hit)
363 http cache postcss@https://registry.npmjs.org/postcss/-/postcss-8.5.15.tgz 0ms (cache hit)
364 http cache picomatch@https://registry.npmjs.org/picomatch/-/picomatch-4.0.4.tgz 0ms (cache hit)
365 http cache lightningcss@https://registry.npmjs.org/lightningcss/-/lightningcss-1.32.0.tgz 0ms (cache hit)
366 http cache @rolldown/pluginutils@https://registry.npmjs.org/@rolldown/pluginutils/-/pluginutils-1.0.1.tgz 0ms (cache hit)
367 http cache fsevents@https://registry.npmjs.org/fsevents/-/fsevents-2.3.3.tgz 0ms (cache hit)
368 http cache rolldown@https://registry.npmjs.org/rolldown/-/rolldown-1.0.3.tgz 0ms (cache hit)
369 http cache tinyglobby@https://registry.npmjs.org/tinyglobby/-/tinyglobby-0.2.17.tgz 0ms (cache hit)
370 http cache iceberg-js@https://registry.npmjs.org/iceberg-js/-/iceberg-js-0.8.1.tgz 0ms (cache hit)
371 http cache @supabase/phoenix@https://registry.npmjs.org/@supabase/phoenix/-/phoenix-0.4.2.tgz 0ms (cache hit)
372 http cache tslib@https://registry.npmjs.org/tslib/-/tslib-2.8.1.tgz 0ms (cache hit)
373 http cache @supabase/realtime-js@https://registry.npmjs.org/@supabase/realtime-js/-/realtime-js-2.106.2.tgz 0ms (cache hit)
374 http cache @supabase/storage-js@https://registry.npmjs.org/@supabase/storage-js/-/storage-js-2.106.2.tgz 0ms (cache hit)
375 http cache @supabase/postgrest-js@https://registry.npmjs.org/@supabase/postgrest-js/-/postgrest-js-2.106.2.tgz 0ms (cache hit)
376 http cache @supabase/functions-js@https://registry.npmjs.org/@supabase/functions-js/-/functions-js-2.106.2.tgz 0ms (cache hit)
377 http cache @supabase/auth-js@https://registry.npmjs.org/@supabase/auth-js/-/auth-js-2.106.2.tgz 0ms (cache hit)
378 http cache vite@https://registry.npmjs.org/vite/-/vite-8.0.16.tgz 0ms (cache hit)
379 http cache @supabase/supabase-js@https://registry.npmjs.org/@supabase/supabase-js/-/supabase-js-2.106.2.tgz 0ms (cache hit)
380 silly tarball no local data for fdir@https://registry.npmjs.org/fdir/-/fdir-6.5.0.tgz. Extracting by manifest.
381 silly tarball no local data for @rolldown/binding-darwin-arm64@https://registry.npmjs.org/@rolldown/binding-darwin-arm64/-/binding-darwin-arm64-1.0.3.tgz. Extracting by manifest.
382 silly tarball no local data for @oxc-project/types@https://registry.npmjs.org/@oxc-project/types/-/types-0.133.0.tgz. Extracting by manifest.
383 silly tarball no local data for picocolors@https://registry.npmjs.org/picocolors/-/picocolors-1.1.1.tgz. Extracting by manifest.
384 silly tarball no local data for lightningcss-darwin-arm64@https://registry.npmjs.org/lightningcss-darwin-arm64/-/lightningcss-darwin-arm64-1.32.0.tgz. Extracting by manifest.
385 silly tarball no local data for nanoid@https://registry.npmjs.org/nanoid/-/nanoid-3.3.12.tgz. Extracting by manifest.
386 silly tarball no local data for detect-libc@https://registry.npmjs.org/detect-libc/-/detect-libc-2.1.2.tgz. Extracting by manifest.
387 silly tarball no local data for source-map-js@https://registry.npmjs.org/source-map-js/-/source-map-js-1.2.1.tgz. Extracting by manifest.
388 silly tarball no local data for postcss@https://registry.npmjs.org/postcss/-/postcss-8.5.15.tgz. Extracting by manifest.
389 silly tarball no local data for picomatch@https://registry.npmjs.org/picomatch/-/picomatch-4.0.4.tgz. Extracting by manifest.
390 silly tarball no local data for lightningcss@https://registry.npmjs.org/lightningcss/-/lightningcss-1.32.0.tgz. Extracting by manifest.
391 silly tarball no local data for @rolldown/pluginutils@https://registry.npmjs.org/@rolldown/pluginutils/-/pluginutils-1.0.1.tgz. Extracting by manifest.
392 silly tarball no local data for fsevents@https://registry.npmjs.org/fsevents/-/fsevents-2.3.3.tgz. Extracting by manifest.
393 silly tarball no local data for rolldown@https://registry.npmjs.org/rolldown/-/rolldown-1.0.3.tgz. Extracting by manifest.
394 silly tarball no local data for tinyglobby@https://registry.npmjs.org/tinyglobby/-/tinyglobby-0.2.17.tgz. Extracting by manifest.
395 silly tarball no local data for iceberg-js@https://registry.npmjs.org/iceberg-js/-/iceberg-js-0.8.1.tgz. Extracting by manifest.
396 silly tarball no local data for @supabase/phoenix@https://registry.npmjs.org/@supabase/phoenix/-/phoenix-0.4.2.tgz. Extracting by manifest.
397 silly tarball no local data for tslib@https://registry.npmjs.org/tslib/-/tslib-2.8.1.tgz. Extracting by manifest.
398 silly tarball no local data for @supabase/realtime-js@https://registry.npmjs.org/@supabase/realtime-js/-/realtime-js-2.106.2.tgz. Extracting by manifest.
399 silly tarball no local data for @supabase/storage-js@https://registry.npmjs.org/@supabase/storage-js/-/storage-js-2.106.2.tgz. Extracting by manifest.
400 silly tarball no local data for @supabase/postgrest-js@https://registry.npmjs.org/@supabase/postgrest-js/-/postgrest-js-2.106.2.tgz. Extracting by manifest.
401 silly tarball no local data for @supabase/functions-js@https://registry.npmjs.org/@supabase/functions-js/-/functions-js-2.106.2.tgz. Extracting by manifest.
402 silly tarball no local data for @supabase/auth-js@https://registry.npmjs.org/@supabase/auth-js/-/auth-js-2.106.2.tgz. Extracting by manifest.
403 silly tarball no local data for vite@https://registry.npmjs.org/vite/-/vite-8.0.16.tgz. Extracting by manifest.
404 silly tarball no local data for @supabase/supabase-js@https://registry.npmjs.org/@supabase/supabase-js/-/supabase-js-2.106.2.tgz. Extracting by manifest.
405 http fetch GET 200 https://registry.npmjs.org/picocolors/-/picocolors-1.1.1.tgz 76ms (cache miss)
406 http fetch GET 200 https://registry.npmjs.org/nanoid/-/nanoid-3.3.12.tgz 77ms (cache miss)
407 http fetch GET 200 https://registry.npmjs.org/fdir/-/fdir-6.5.0.tgz 78ms (cache miss)
408 http fetch GET 200 https://registry.npmjs.org/@oxc-project/types/-/types-0.133.0.tgz 88ms (cache miss)
409 http fetch GET 200 https://registry.npmjs.org/tinyglobby/-/tinyglobby-0.2.17.tgz 109ms (cache miss)
410 http fetch GET 200 https://registry.npmjs.org/iceberg-js/-/iceberg-js-0.8.1.tgz 116ms (cache miss)
411 http fetch GET 200 https://registry.npmjs.org/tslib/-/tslib-2.8.1.tgz 150ms (cache miss)
412 http fetch GET 200 https://registry.npmjs.org/lightningcss-darwin-arm64/-/lightningcss-darwin-arm64-1.32.0.tgz 221ms (cache miss)
413 http fetch GET 200 https://registry.npmjs.org/detect-libc/-/detect-libc-2.1.2.tgz 224ms (cache miss)
414 http fetch GET 200 https://registry.npmjs.org/fsevents/-/fsevents-2.3.3.tgz 226ms (cache miss)
415 http fetch POST 200 https://registry.npmjs.org/-/npm/v1/security/advisories/bulk 238ms
416 silly audit report {}
417 http fetch GET 200 https://registry.npmjs.org/picomatch/-/picomatch-4.0.4.tgz 230ms (cache miss)
418 http fetch GET 200 https://registry.npmjs.org/@rolldown/pluginutils/-/pluginutils-1.0.1.tgz 230ms (cache miss)
419 http fetch GET 200 https://registry.npmjs.org/source-map-js/-/source-map-js-1.2.1.tgz 237ms (cache miss)
420 http fetch GET 200 https://registry.npmjs.org/postcss/-/postcss-8.5.15.tgz 253ms (cache miss)
421 http fetch GET 200 https://registry.npmjs.org/@supabase/postgrest-js/-/postgrest-js-2.106.2.tgz 267ms (cache miss)
422 http fetch GET 200 https://registry.npmjs.org/lightningcss/-/lightningcss-1.32.0.tgz 270ms (cache miss)
423 http fetch GET 200 https://registry.npmjs.org/rolldown/-/rolldown-1.0.3.tgz 314ms (cache miss)
424 http fetch GET 200 https://registry.npmjs.org/@supabase/phoenix/-/phoenix-0.4.2.tgz 374ms (cache miss)
425 http fetch GET 200 https://registry.npmjs.org/@supabase/storage-js/-/storage-js-2.106.2.tgz 419ms (cache miss)
426 http fetch GET 200 https://registry.npmjs.org/@supabase/realtime-js/-/realtime-js-2.106.2.tgz 449ms (cache miss)
427 http fetch GET 200 https://registry.npmjs.org/@rolldown/binding-darwin-arm64/-/binding-darwin-arm64-1.0.3.tgz 458ms (cache miss)
428 http fetch GET 200 https://registry.npmjs.org/vite/-/vite-8.0.16.tgz 467ms (cache miss)
429 http fetch GET 200 https://registry.npmjs.org/@supabase/functions-js/-/functions-js-2.106.2.tgz 475ms (cache miss)
430 http fetch GET 200 https://registry.npmjs.org/@supabase/supabase-js/-/supabase-js-2.106.2.tgz 538ms (cache miss)
431 http fetch GET 200 https://registry.npmjs.org/@supabase/auth-js/-/auth-js-2.106.2.tgz 575ms (cache miss)
432 info run fsevents@2.3.3 install node_modules/fsevents node-gyp rebuild
433 info run fsevents@2.3.3 install { code: 1, signal: null }
434 verbose reify failed optional dependency /Users/ruslanmamoika/Documents/Lebuser App/node_modules/fsevents
435 silly reify mark deleted [ '/Users/ruslanmamoika/Documents/Lebuser App/node_modules/fsevents' ]
436 silly ADD node_modules/fdir
437 silly ADD node_modules/@rolldown/pluginutils
438 silly ADD node_modules/@rolldown/binding-darwin-arm64
439 silly ADD node_modules/@oxc-project/types
440 silly ADD node_modules/source-map-js
441 silly ADD node_modules/picocolors
442 silly ADD node_modules/nanoid
443 silly ADD node_modules/lightningcss-darwin-arm64
444 silly ADD node_modules/detect-libc
445 silly ADD node_modules/tinyglobby
446 silly ADD node_modules/rolldown
447 silly ADD node_modules/postcss
448 silly ADD node_modules/picomatch
449 silly ADD node_modules/lightningcss
450 silly ADD
451 silly ADD node_modules/iceberg-js
452 silly ADD node_modules/@supabase/phoenix
453 silly ADD node_modules/tslib
454 silly ADD node_modules/@supabase/storage-js
455 silly ADD node_modules/@supabase/realtime-js
456 silly ADD node_modules/@supabase/postgrest-js
457 silly ADD node_modules/@supabase/functions-js
458 silly ADD node_modules/@supabase/auth-js
459 silly ADD node_modules/vite
460 silly ADD node_modules/@supabase/supabase-js
461 verbose cwd /Users/ruslanmamoika/Documents/Lebuser App
462 verbose os Darwin 24.6.0
463 verbose node v24.16.0
464 verbose npm  v11.13.0
465 notice
465 notice New minor version of npm available! 11.13.0 -> 11.16.0
465 notice Changelog: https://github.com/npm/cli/releases/tag/v11.16.0
465 notice To update run: npm install -g npm@11.16.0
465 notice  { force: true, Symbol(proc-log.meta): true }
466 verbose exit 0
467 info ok
